PASS tests/physics.test.js
  PhysicsEngine Comprehensive Tests
    Club Calibration
      ÔêÜ should have reasonable launch params for Dr (2 ms)
      ÔêÜ should have reasonable launch params for 3W (1 ms)
      ÔêÜ should have reasonable launch params for 4i
      ÔêÜ should have reasonable launch params for 5i
      ÔêÜ should have reasonable launch params for 6i (1 ms)
      ÔêÜ should have reasonable launch params for 7i
      ÔêÜ should have reasonable launch params for 8i
      ÔêÜ should have reasonable launch params for 9i
      ÔêÜ should have reasonable launch params for PW
      ÔêÜ should have reasonable launch params for SW
      ÔêÜ should have reasonable launch params for LW (1 ms)
    Trajectory Calculation (Driver, 7i, SW)
      ÔêÜ Trajectory for Dr should be realistic (4 ms)
      ÔêÜ Trajectory for 7i should be realistic (6 ms)
      ÔêÜ Trajectory for SW should be realistic (8 ms)
    Environmental Factors
      ÔêÜ Altitude: Higher altitude should increase distance (8 ms)
      ÔêÜ Tailwind: Should increase total distance but decrease height (7 ms)
      ÔêÜ Headwind: Should decrease distance significantly (8 ms)
      ÔêÜ Crosswind: Should cause lateral deviation (7 ms)

Snapshot Summary
 ÔÇ║ 6 snapshot files obsolete from 6 test suites. To remove them all, run `npm run npx -- -u`.
   Ôå│   ÔÇó AppData/Roaming/Antigravity/User/workspaceStorage/ab434c3515adf41cc5d8dd2976fca3a5/redhat.java/jdt_ws/.metadata/.plugins/org.eclipse.core.resources/3.snap
       ÔÇó AppData/Roaming/Antigravity/User/workspaceStorage/ab434c3515adf41cc5d8dd2976fca3a5/redhat.java/jdt_ws/.metadata/.plugins/org.eclipse.core.resources/.root/.markers.snap
       ÔÇó AppData/Roaming/Antigravity/User/workspaceStorage/ab434c3515adf41cc5d8dd2976fca3a5/redhat.java/jdt_ws/.metadata/.plugins/org.eclipse.core.resources/.projects/app/.markers.snap
       ÔÇó AppData/Roaming/Antigravity/User/workspaceStorage/ab434c3515adf41cc5d8dd2976fca3a5/redhat.java/jdt_ws/.metadata/.plugins/org.eclipse.core.resources/.projects/app/.syncinfo.snap
       ÔÇó AppData/Roaming/Antigravity/User/workspaceStorage/ab434c3515adf41cc5d8dd2976fca3a5/redhat.java/jdt_ws/.metadata/.plugins/org.eclipse.core.resources/.projects/OBD by NM-OBD_by_NM/.markers.snap
       ÔÇó AppData/Roaming/Antigravity/User/workspaceStorage/ab434c3515adf41cc5d8dd2976fca3a5/redhat.java/jdt_ws/.metadata/.plugins/org.eclipse.core.resources/.projects/OBD by NM-OBD_by_NM/.syncinfo.snap

Test Suites: 1 passed, 1 total
Tests:       18 passed, 18 total
Snapshots:   6 files obsolete, 0 total
Time:        0.427 s, estimated 1 s
Ran all test suites matching tests/physics.test.js|Line:.
